<?xml version="1.0" encoding="UTF-8"?>
<result><out>H</out>ere<out>&apos;</out>s s<out>o</out>me <out>t</out>ext<out>.</out>  T<out>h</out>e c<out>o</out>nte<out>n</out>t d<out>o</out>esn<out>&apos;</out>t m<out>a</out>tte<out>r</out>, a<out>s</out> it<out> </out>is
<out>o</out>nly<out> </out>use<out>d</out> fo<out>r</out> te<out>s</out>tin<out>g</out> pu<out>r</out>pos<out>e</out>s. <out> </out>We <out>h</out>ave<out> </out>mis<out>e</out>rab<out>l</out>e w<out>e</out>ath<out>e</out>r
t<out>o</out>day<out>.</out>  M<out>i</out>cha<out>e</out>l&apos;s<out> </out>fic<out>u</out>s d<out>o</out>esn<out>&apos;</out>t l<out>o</out>ok <out>t</out>oo <out>w</out>ell<out>,</out> I <out>d</out>on&apos;<out>t</out>
th<out>i</out>nk <out>i</out>t l<out>i</out>kes<out> </out>sta<out>n</out>din<out>g</out> on<out> </out>top<out> </out>of <out>t</out>he <out>r</out>adi<out>a</out>tor<out> </out>in <out>w</out>int<out>e</out>r.
<out>I</out>f I<out> </out>nee<out>d</out> mo<out>r</out>e t<out>e</out>xt,<out> </out>I&apos;l<out>l</out> co<out>m</out>e u<out>p</out> wi<out>t</out>h m<out>o</out>re <out>u</out>sel<out>e</out>ss <out>n</out>ons<out>e</out>nse<out>.</out>

</result>