<?xml version="1.0" encoding="UTF-8"?>
<result><out>H</out><out>e</out><out>r</out><out>e</out><out>&apos;</out><out>s</out><out> </out><out>s</out><out>o</out><out>m</out><out>e</out><out> </out><out>t</out><out>e</out><out>x</out><out>t</out><out>.</out><out> </out><out> </out><out>T</out><out>h</out><out>e</out><out> </out><out>c</out><out>o</out><out>n</out><out>t</out><out>e</out><out>n</out><out>t</out><out> </out><out>d</out><out>o</out><out>e</out><out>s</out><out>n</out><out>&apos;</out><out>t</out><out> </out><out>m</out><out>a</out><out>t</out><out>t</out><out>e</out><out>r</out><out>,</out><out> </out><out>a</out><out>s</out><out> </out><out>i</out><out>t</out><out> </out><out>i</out><out>s</out><out>
</out><out>o</out><out>n</out><out>l</out><out>y</out><out> </out><out>u</out><out>s</out><out>e</out><out>d</out><out> </out><out>f</out><out>o</out><out>r</out><out> </out><out>t</out><out>e</out><out>s</out><out>t</out><out>i</out><out>n</out><out>g</out><out> </out><out>p</out><out>u</out><out>r</out><out>p</out><out>o</out><out>s</out><out>e</out><out>s</out><out>.</out><out> </out><out> </out><out>W</out><out>e</out><out> </out><out>h</out><out>a</out><out>v</out><out>e</out><out> </out><out>m</out><out>i</out><out>s</out><out>e</out><out>r</out><out>a</out><out>b</out><out>l</out><out>e</out><out> </out><out>w</out><out>e</out><out>a</out><out>t</out><out>h</out><out>e</out><out>r</out><out>
</out><out>t</out><out>o</out><out>d</out><out>a</out><out>y</out><out>.</out><out> </out><out> </out><out>M</out><out>i</out><out>c</out><out>h</out><out>a</out><out>e</out><out>l</out><out>&apos;</out><out>s</out><out> </out><out>f</out><out>i</out><out>c</out><out>u</out><out>s</out><out> </out><out>d</out><out>o</out><out>e</out><out>s</out><out>n</out><out>&apos;</out><out>t</out><out> </out><out>l</out><out>o</out><out>o</out><out>k</out><out> </out><out>t</out><out>o</out><out>o</out><out> </out><out>w</out><out>e</out><out>l</out><out>l</out><out>,</out><out> </out><out>I</out><out> </out><out>d</out><out>o</out><out>n</out><out>&apos;</out><out>t</out><out>
</out><out>t</out><out>h</out><out>i</out><out>n</out><out>k</out><out> </out><out>i</out><out>t</out><out> </out><out>l</out><out>i</out><out>k</out><out>e</out><out>s</out><out> </out><out>s</out><out>t</out><out>a</out><out>n</out><out>d</out><out>i</out><out>n</out><out>g</out><out> </out><out>o</out><out>n</out><out> </out><out>t</out><out>o</out><out>p</out><out> </out><out>o</out><out>f</out><out> </out><out>t</out><out>h</out><out>e</out><out> </out><out>r</out><out>a</out><out>d</out><out>i</out><out>a</out><out>t</out><out>o</out><out>r</out><out> </out><out>i</out><out>n</out><out> </out><out>w</out><out>i</out><out>n</out><out>t</out><out>e</out><out>r</out><out>.</out><out>
</out><out>I</out><out>f</out><out> </out><out>I</out><out> </out><out>n</out><out>e</out><out>e</out><out>d</out><out> </out><out>m</out><out>o</out><out>r</out><out>e</out><out> </out><out>t</out><out>e</out><out>x</out><out>t</out><out>,</out><out> </out><out>I</out><out>&apos;</out><out>l</out><out>l</out><out> </out><out>c</out><out>o</out><out>m</out><out>e</out><out> </out><out>u</out><out>p</out><out> </out><out>w</out><out>i</out><out>t</out><out>h</out><out> </out><out>m</out><out>o</out><out>r</out><out>e</out><out> </out><out>u</out><out>s</out><out>e</out><out>l</out><out>e</out><out>s</out><out>s</out><out> </out><out>n</out><out>o</out><out>n</out><out>s</out><out>e</out><out>n</out><out>s</out><out>e</out><out>.</out><out>
</out>
</result>