<?xml version="1.0" encoding="UTF-8"?>
<result><out>H</out><out>e</out><out>r</out><out>e</out><out>&apos;</out><out>s</out><out> </out><out>s</out><out>o</out><out>m</out>e text.  The content doesn&apos;t matter, as it is
only used for testing purposes.  We have miserable weather
today.  Michael&apos;s ficus doesn&apos;t look too well, I don&apos;t
think it likes standing on top of the radiator in winter.
If I need more text, I&apos;ll come up with more useless nonsense.

</result>