<?xml version="1.0" encoding="UTF-8"?>
<result>He<out>r</out>e&apos;s<out> </out>som<out>e</out> te<out>x</out>t. <out> </out>The<out> </out>con<out>t</out>ent<out> </out>doe<out>s</out>n&apos;t<out> </out>mat<out>t</out>er,<out> </out>as <out>i</out>t i<out>s</out>
on<out>l</out>y u<out>s</out>ed <out>f</out>or <out>t</out>est<out>i</out>ng <out>p</out>urp<out>o</out>ses<out>.</out>  W<out>e</out> ha<out>v</out>e m<out>i</out>ser<out>a</out>ble<out> </out>wea<out>t</out>her<out>
</out>tod<out>a</out>y. <out> </out>Mic<out>h</out>ael<out>&apos;</out>s f<out>i</out>cus<out> </out>doe<out>s</out>n&apos;t<out> </out>loo<out>k</out> to<out>o</out> we<out>l</out>l, <out>I</out> do<out>n</out>&apos;t
<out>t</out>hin<out>k</out> it<out> </out>lik<out>e</out>s s<out>t</out>and<out>i</out>ng <out>o</out>n t<out>o</out>p o<out>f</out> th<out>e</out> ra<out>d</out>iat<out>o</out>r i<out>n</out> wi<out>n</out>ter<out>.</out>
If<out> </out>I n<out>e</out>ed <out>m</out>ore<out> </out>tex<out>t</out>, I<out>&apos;</out>ll <out>c</out>ome<out> </out>up <out>w</out>ith<out> </out>mor<out>e</out> us<out>e</out>les<out>s</out> no<out>n</out>sen<out>s</out>e.

</result>