<?xml version="1.0" encoding="UTF-8"?>
<result>
    <out stringList="foo">H</out>
    <out stringList="foo">'</out>
    <out stringList="foo">o</out>
    <out stringList="foo">t</out>
    <out stringList="foo">.</out>
    <out stringList="foo">h</out>
    <out stringList="foo">o</out>
    <out stringList="foo">n</out>
    <out stringList="foo">o</out>
    <out stringList="foo">'</out>
    <out stringList="foo">a</out>
    <out stringList="foo">r</out>
    <out stringList="foo">s</out>
    <out stringList="foo"> </out>
    <out stringList="foo">o</out>
    <out stringList="foo"> </out>
    <out stringList="foo">d</out>
    <out stringList="foo">r</out>
    <out stringList="foo">s</out>
    <out stringList="foo">g</out>
    <out stringList="foo">r</out>
    <out stringList="foo">e</out>
    <out stringList="foo"> </out>
    <out stringList="foo">h</out>
    <out stringList="foo"> </out>
    <out stringList="foo">e</out>
    <out stringList="foo">l</out>
    <out stringList="foo">e</out>
    <out stringList="foo">e</out>
    <out stringList="foo">o</out>
    <out stringList="foo">.</out>
    <out stringList="foo">i</out>
    <out stringList="foo">e</out>
    <out stringList="foo"> </out>
    <out stringList="foo">u</out>
    <out stringList="foo">o</out>
    <out stringList="foo">'</out>
    <out stringList="foo">o</out>
    <out stringList="foo">t</out>
    <out stringList="foo">w</out>
    <out stringList="foo">,</out>
    <out stringList="foo">d</out>
    <out stringList="foo">t</out>
    <out stringList="foo">i</out>
    <out stringList="foo">i</out>
    <out stringList="foo">i</out>
    <out stringList="foo"> </out>
    <out stringList="foo">n</out>
    <out stringList="foo">g</out>
    <out stringList="foo"> </out>
    <out stringList="foo"> </out>
    <out stringList="foo">t</out>
    <out stringList="foo">r</out>
    <out stringList="foo">a</out>
    <out stringList="foo"> </out>
    <out stringList="foo">w</out>
    <out stringList="foo">e</out>
    <out stringList="foo">I</out>
    <out stringList="foo"> </out>
    <out stringList="foo">d</out>
    <out stringList="foo">r</out>
    <out stringList="foo">e</out>
    <out stringList="foo"> </out>
    <out stringList="foo">l</out>
    <out stringList="foo">m</out>
    <out stringList="foo">p</out>
    <out stringList="foo">t</out>
    <out stringList="foo">o</out>
    <out stringList="foo">u</out>
    <out stringList="foo">e</out>
    <out stringList="foo">n</out>
    <out stringList="foo">e</out>
    <out stringList="foo">.</out>
</result>
