<?xml version="1.0" encoding="UTF-8"?>
<result>
    <out>e</out>
    <out> </out>
    <out>t</out>
    <out>e</out>
    <out>x</out>
    <out>t</out>
    <out>.</out>
    <out> </out>
    <out> </out>
    <out>T</out>
</result>
