<?xml version="1.0" encoding="UTF-8"?>
<result>
    <out>r</out>
    <out> </out>
    <out>e</out>
    <out>x</out>
    <out> </out>
    <out> </out>
    <out>t</out>
    <out> </out>
    <out>s</out>
    <out> </out>
    <out>t</out>
    <out> </out>
    <out>i</out>
    <out>s</out>
    <out>l</out>
    <out>s</out>
    <out>f</out>
    <out>t</out>
    <out>i</out>
    <out>p</out>
    <out>o</out>
    <out>.</out>
    <out>e</out>
    <out>v</out>
    <out>i</out>
    <out>a</out>
    <out> </out>
    <out>t</out>
    <out>
</out>
    <out>a</out>
    <out> </out>
    <out>h</out>
    <out>'</out>
    <out>i</out>
    <out> </out>
    <out>s</out>
    <out> </out>
    <out>k</out>
    <out>o</out>
    <out>l</out>
    <out>I</out>
    <out>n</out>
    <out>t</out>
    <out>k</out>
    <out> </out>
    <out>e</out>
    <out>t</out>
    <out>i</out>
    <out>o</out>
    <out>o</out>
    <out>f</out>
    <out>e</out>
    <out>d</out>
    <out>o</out>
    <out>n</out>
    <out>n</out>
    <out>.</out>
    <out> </out>
    <out>e</out>
    <out>m</out>
    <out> </out>
    <out>t</out>
    <out>'</out>
    <out>c</out>
    <out> </out>
    <out>w</out>
    <out> </out>
    <out>e</out>
    <out>e</out>
    <out>s</out>
    <out>n</out>
    <out>s</out>
</result>
