<?xml version="1.0" encoding="UTF-8"?>
<result>
    <out stringList="foo">H</out>
    <out>e</out>
    <out>r</out>
    <out>e</out>
    <out stringList="foo">'</out>
    <out>s</out>
    <out> </out>
    <out>s</out>
    <out stringList="foo">o</out>
    <out>m</out>
    <out>e</out>
    <out> </out>
    <out stringList="foo">t</out>
    <out>e</out>
    <out>x</out>
    <out>t</out>
    <out stringList="foo">.</out>
    <out> </out>
    <out> </out>
    <out>T</out>
    <out stringList="foo">h</out>
    <out>e</out>
    <out> </out>
    <out>c</out>
    <out stringList="foo">o</out>
    <out>n</out>
    <out>t</out>
    <out>e</out>
    <out stringList="foo">n</out>
    <out>t</out>
    <out> </out>
    <out>d</out>
    <out stringList="foo">o</out>
    <out>e</out>
    <out>s</out>
    <out>n</out>
    <out stringList="foo">'</out>
    <out>t</out>
    <out> </out>
    <out>m</out>
    <out stringList="foo">a</out>
    <out>t</out>
    <out>t</out>
    <out>e</out>
    <out stringList="foo">r</out>
    <out>,</out>
    <out> </out>
    <out>a</out>
    <out stringList="foo">s</out>
    <out> </out>
    <out>i</out>
    <out>t</out>
    <out stringList="foo"> </out>
    <out>i</out>
    <out>s</out>
    <out>
</out>
    <out stringList="foo">o</out>
    <out>n</out>
    <out>l</out>
    <out>y</out>
    <out stringList="foo"> </out>
    <out>u</out>
    <out>s</out>
    <out>e</out>
    <out stringList="foo">d</out>
    <out> </out>
    <out>f</out>
    <out>o</out>
    <out stringList="foo">r</out>
    <out> </out>
    <out>t</out>
    <out>e</out>
    <out stringList="foo">s</out>
    <out>t</out>
    <out>i</out>
    <out>n</out>
    <out stringList="foo">g</out>
    <out> </out>
    <out>p</out>
    <out>u</out>
    <out stringList="foo">r</out>
    <out>p</out>
    <out>o</out>
    <out>s</out>
    <out stringList="foo">e</out>
    <out>s</out>
    <out>.</out>
    <out> </out>
    <out stringList="foo"> </out>
    <out>W</out>
    <out>e</out>
    <out> </out>
    <out stringList="foo">h</out>
    <out>a</out>
    <out>v</out>
    <out>e</out>
    <out stringList="foo"> </out>
    <out>m</out>
    <out>i</out>
    <out>s</out>
    <out stringList="foo">e</out>
    <out>r</out>
    <out>a</out>
    <out>b</out>
    <out stringList="foo">l</out>
    <out>e</out>
    <out> </out>
    <out>w</out>
    <out stringList="foo">e</out>
    <out>a</out>
    <out>t</out>
    <out>h</out>
    <out stringList="foo">e</out>
    <out>r</out>
    <out>
</out>
    <out>t</out>
    <out stringList="foo">o</out>
    <out>d</out>
    <out>a</out>
    <out>y</out>
    <out stringList="foo">.</out>
    <out> </out>
    <out> </out>
    <out>M</out>
    <out stringList="foo">i</out>
    <out>c</out>
    <out>h</out>
    <out>a</out>
    <out stringList="foo">e</out>
    <out>l</out>
    <out>'</out>
    <out>s</out>
    <out stringList="foo"> </out>
    <out>f</out>
    <out>i</out>
    <out>c</out>
    <out stringList="foo">u</out>
    <out>s</out>
    <out> </out>
    <out>d</out>
    <out stringList="foo">o</out>
    <out>e</out>
    <out>s</out>
    <out>n</out>
    <out stringList="foo">'</out>
    <out>t</out>
    <out> </out>
    <out>l</out>
    <out stringList="foo">o</out>
    <out>o</out>
    <out>k</out>
    <out> </out>
    <out stringList="foo">t</out>
    <out>o</out>
    <out>o</out>
    <out> </out>
    <out stringList="foo">w</out>
    <out>e</out>
    <out>l</out>
    <out>l</out>
    <out stringList="foo">,</out>
    <out> </out>
    <out>I</out>
    <out> </out>
    <out stringList="foo">d</out>
    <out>o</out>
    <out>n</out>
    <out>'</out>
    <out stringList="foo">t</out>
    <out>
</out>
    <out>t</out>
    <out>h</out>
    <out stringList="foo">i</out>
    <out>n</out>
    <out>k</out>
    <out> </out>
    <out stringList="foo">i</out>
    <out>t</out>
    <out> </out>
    <out>l</out>
    <out stringList="foo">i</out>
    <out>k</out>
    <out>e</out>
    <out>s</out>
    <out stringList="foo"> </out>
    <out>s</out>
    <out>t</out>
    <out>a</out>
    <out stringList="foo">n</out>
    <out>d</out>
    <out>i</out>
    <out>n</out>
    <out stringList="foo">g</out>
    <out> </out>
    <out>o</out>
    <out>n</out>
    <out stringList="foo"> </out>
    <out>t</out>
    <out>o</out>
    <out>p</out>
    <out stringList="foo"> </out>
    <out>o</out>
    <out>f</out>
    <out> </out>
    <out stringList="foo">t</out>
    <out>h</out>
    <out>e</out>
    <out> </out>
    <out stringList="foo">r</out>
    <out>a</out>
    <out>d</out>
    <out>i</out>
    <out stringList="foo">a</out>
    <out>t</out>
    <out>o</out>
    <out>r</out>
    <out stringList="foo"> </out>
    <out>i</out>
    <out>n</out>
    <out> </out>
    <out stringList="foo">w</out>
    <out>i</out>
    <out>n</out>
    <out>t</out>
    <out stringList="foo">e</out>
    <out>r</out>
    <out>.</out>
    <out>
</out>
    <out stringList="foo">I</out>
    <out>f</out>
    <out> </out>
    <out>I</out>
    <out stringList="foo"> </out>
    <out>n</out>
    <out>e</out>
    <out>e</out>
    <out stringList="foo">d</out>
    <out> </out>
    <out>m</out>
    <out>o</out>
    <out stringList="foo">r</out>
    <out>e</out>
    <out> </out>
    <out>t</out>
    <out stringList="foo">e</out>
    <out>x</out>
    <out>t</out>
    <out>,</out>
    <out stringList="foo"> </out>
    <out>I</out>
    <out>'</out>
    <out>l</out>
    <out stringList="foo">l</out>
    <out> </out>
    <out>c</out>
    <out>o</out>
    <out stringList="foo">m</out>
    <out>e</out>
    <out> </out>
    <out>u</out>
    <out stringList="foo">p</out>
    <out> </out>
    <out>w</out>
    <out>i</out>
    <out stringList="foo">t</out>
    <out>h</out>
    <out> </out>
    <out>m</out>
    <out stringList="foo">o</out>
    <out>r</out>
    <out>e</out>
    <out> </out>
    <out stringList="foo">u</out>
    <out>s</out>
    <out>e</out>
    <out>l</out>
    <out stringList="foo">e</out>
    <out>s</out>
    <out>s</out>
    <out> </out>
    <out stringList="foo">n</out>
    <out>o</out>
    <out>n</out>
    <out>s</out>
    <out stringList="foo">e</out>
    <out>n</out>
    <out>s</out>
    <out>e</out>
    <out stringList="foo">.</out>
    <out>
</out>
</result>
