<?xml version="1.0" encoding="UTF-8" standalone="no"?>
<result>
    <out>e</out>
    <out>r</out>
    <out>e</out>
</result>
