<?xml version="1.0" encoding="UTF-8"?>
<result>
    <out>H</out>
    <out>e</out>
    <out>r</out>
    <out>e</out>
    <out>'</out>
    <out>s</out>
    <out> </out>
    <out>s</out>
    <out>o</out>
    <out>m</out>
</result>
