<?xml version="1.0" encoding="UTF-8"?>
<result>
    <out>H</out>
    <out>'</out>
    <out>o</out>
    <out>t</out>
    <out>.</out>
    <out>h</out>
    <out>o</out>
    <out>n</out>
    <out>o</out>
    <out>'</out>
    <out>a</out>
    <out>r</out>
    <out>s</out>
    <out> </out>
    <out>o</out>
    <out> </out>
    <out>d</out>
    <out>r</out>
    <out>s</out>
    <out>g</out>
    <out>r</out>
    <out>e</out>
    <out> </out>
    <out>h</out>
    <out> </out>
    <out>e</out>
    <out>l</out>
    <out>e</out>
    <out>e</out>
    <out>o</out>
    <out>.</out>
    <out>i</out>
    <out>e</out>
    <out> </out>
    <out>u</out>
    <out>o</out>
    <out>'</out>
    <out>o</out>
    <out>t</out>
    <out>w</out>
    <out>,</out>
    <out>d</out>
    <out>t</out>
    <out>i</out>
    <out>i</out>
    <out>i</out>
    <out> </out>
    <out>n</out>
    <out>g</out>
    <out> </out>
    <out> </out>
    <out>t</out>
    <out>r</out>
    <out>a</out>
    <out> </out>
    <out>w</out>
    <out>e</out>
    <out>I</out>
    <out> </out>
    <out>d</out>
    <out>r</out>
    <out>e</out>
    <out> </out>
    <out>l</out>
    <out>m</out>
    <out>p</out>
    <out>t</out>
    <out>o</out>
    <out>u</out>
    <out>e</out>
    <out>n</out>
    <out>e</out>
    <out>.</out>
</result>
