<?xml version="1.0" encoding="UTF-8"?>
<!--==================================================================================-->
 <!-- Generated from                                                                                  -->
 <!-- file:/C:/a/Eclipse/apache/uima-as-distr/src/test/resources/deploy/envVar/envVarCPPwrongProtocol.xml -->
 <!-- 2 April, 2009, 11:43:02 A.M.                                                                        -->
 <!--==================================================================================-->
 <!DOCTYPE beans
  PUBLIC "-//Spring//DTD BEAN//EN" "http://www.springframework.org/dtd/spring-beans.dtd">
<beans>
<!--======================================================-->
   <!-- Primitive or non-Async Aggr: MeetingDetectorTaeQueue -->
   <!--======================================================-->
   <bean id="primitive_ctlr_MeetingDetectorTaeQueue_1"
         class="org.apache.uima.aae.controller.UimacppServiceController">

     <!-- path to top level descriptor -->
     <constructor-arg index="0"
                       value="file:/C:/a/Eclipse/apache/uima-as-distr/src/test/resources/deploy/envVar/cppDescr.xml"/>

     <!--    input q name    -->
     <constructor-arg index="1" value="MeetingDetectorTaeQueue"/>

     <!-- input q BrokerURL  -->
     <constructor-arg index="2" value="vm://localhost"/>

     <!-- scaleout number of instances -->
     <constructor-arg index="3" value="1"/>

     <!--   prefetch limit   -->
     <constructor-arg index="4" value="0"/>

     <!--    Env Vars map    -->
     <constructor-arg index="5">
         <map/>
      </constructor-arg>

     <!-- Process CAS Error Threshold  -->
     <constructor-arg index="6" value="0"/>

     <!-- PprocessCas Error Window -->
     <constructor-arg index="7" value="0"/>

     <!-- Terminate on CPC Error -->
     <constructor-arg index="8" value="false"/>
      <constructor-arg index="9" value="40000"/>
   </bean>
</beans>