<?xml version="1.0" encoding="UTF-8"?>
<result><out stringList="foo">H</out>ere<out stringList="foo">&apos;</out>s s<out stringList="foo">o</out>me <out stringList="foo">t</out>ext<out stringList="foo">.</out>  T<out stringList="foo">h</out>e c<out stringList="foo">o</out>nte<out stringList="foo">n</out>t d<out stringList="foo">o</out>esn<out stringList="foo">&apos;</out>t m<out stringList="foo">a</out>tte<out stringList="foo">r</out>, a<out stringList="foo">s</out> it<out stringList="foo"> </out>is
<out stringList="foo">o</out>nly<out stringList="foo"> </out>use<out stringList="foo">d</out> fo<out stringList="foo">r</out> te<out stringList="foo">s</out>tin<out stringList="foo">g</out> pu<out stringList="foo">r</out>pos<out stringList="foo">e</out>s. <out stringList="foo"> </out>We <out stringList="foo">h</out>ave<out stringList="foo"> </out>mis<out stringList="foo">e</out>rab<out stringList="foo">l</out>e w<out stringList="foo">e</out>ath<out stringList="foo">e</out>r
t<out stringList="foo">o</out>day<out stringList="foo">.</out>  M<out stringList="foo">i</out>cha<out stringList="foo">e</out>l&apos;s<out stringList="foo"> </out>fic<out stringList="foo">u</out>s d<out stringList="foo">o</out>esn<out stringList="foo">&apos;</out>t l<out stringList="foo">o</out>ok <out stringList="foo">t</out>oo <out stringList="foo">w</out>ell<out stringList="foo">,</out> I <out stringList="foo">d</out>on&apos;<out stringList="foo">t</out>
th<out stringList="foo">i</out>nk <out stringList="foo">i</out>t l<out stringList="foo">i</out>kes<out stringList="foo"> </out>sta<out stringList="foo">n</out>din<out stringList="foo">g</out> on<out stringList="foo"> </out>top<out stringList="foo"> </out>of <out stringList="foo">t</out>he <out stringList="foo">r</out>adi<out stringList="foo">a</out>tor<out stringList="foo"> </out>in <out stringList="foo">w</out>int<out stringList="foo">e</out>r.
<out stringList="foo">I</out>f I<out stringList="foo"> </out>nee<out stringList="foo">d</out> mo<out stringList="foo">r</out>e t<out stringList="foo">e</out>xt,<out stringList="foo"> </out>I&apos;l<out stringList="foo">l</out> co<out stringList="foo">m</out>e u<out stringList="foo">p</out> wi<out stringList="foo">t</out>h m<out stringList="foo">o</out>re <out stringList="foo">u</out>sel<out stringList="foo">e</out>ss <out stringList="foo">n</out>ons<out stringList="foo">e</out>nse<out stringList="foo">.</out>

</result>