<?xml version="1.0" encoding="UTF-8"?>
<result>Here&apos;s som<out>e</out><out> </out><out>t</out><out>e</out><out>x</out><out>t</out><out>.</out><out> </out><out> </out><out>T</out>he content doesn&apos;t matter, as it is
only used for testing purposes.  We have miserable weather
today.  Michael&apos;s ficus doesn&apos;t look too well, I don&apos;t
think it likes standing on top of the radiator in winter.
If I need more text, I&apos;ll come up with more useless nonsense.

</result>